[2023-03-28  09:05:49.621] F:\auto_test_framework\main.py:21 [INFO]: 2023-03-28 09:05:49 >>>>>> 开始执行：
[2023-03-28  09:05:49.777] F:\auto_test_framework\main.py:24 [INFO]: 2023-03-28 09:05:49 >>>>>> 执行结束！
[2023-03-28  09:05:49.779] F:\auto_test_framework\main.py:21 [INFO]: 2023-03-28 09:05:49 >>>>>> 开始执行：
[2023-03-28  09:05:49.784] F:\auto_test_framework\main.py:24 [INFO]: 2023-03-28 09:05:49 >>>>>> 执行结束！
[2023-03-28  09:05:49.785] F:\auto_test_framework\main.py:21 [INFO]: 2023-03-28 09:05:49 >>>>>> 开始执行：
[2023-03-28  09:05:49.789] F:\auto_test_framework\main.py:24 [INFO]: 2023-03-28 09:05:49 >>>>>> 执行结束！
[2023-03-28  09:06:10.022] F:\自动化框架\auto_test_framework\main.py:21 [INFO]: 2023-03-28 09:06:09 >>>>>> 开始执行：
[2023-03-28  09:06:10.190] F:\自动化框架\auto_test_framework\main.py:24 [INFO]: 2023-03-28 09:06:09 >>>>>> 执行结束！
[2023-03-28  09:06:10.192] F:\自动化框架\auto_test_framework\main.py:21 [INFO]: 2023-03-28 09:06:09 >>>>>> 开始执行：
[2023-03-28  09:06:10.197] F:\自动化框架\auto_test_framework\main.py:24 [INFO]: 2023-03-28 09:06:09 >>>>>> 执行结束！
[2023-03-28  09:06:10.199] F:\自动化框架\auto_test_framework\main.py:21 [INFO]: 2023-03-28 09:06:09 >>>>>> 开始执行：
[2023-03-28  09:06:10.203] F:\自动化框架\auto_test_framework\main.py:24 [INFO]: 2023-03-28 09:06:09 >>>>>> 执行结束！
[2023-03-28  09:06:49.923] F:\auto_test_framework\cases\daxue.py:20 [INFO]: 2023-03-28 09:06:49 >>>>>> 开始执行：
[2023-03-28  09:06:49.941] F:\自动化框架\auto_test_framework\base_api.py:65 [INFO]: 请求数据：{'url': 'https://www.iamwawa.cn/home/daxue/ajax', 'method': 'POST', 'headers': {'user-agent': 'Chrome'}, 'data': {'type': 'name', 'keyword': '四川轻化工大学'}}
[2023-03-28  09:06:50.068] F:\自动化框架\auto_test_framework\base_api.py:69 [DEBUG]: 响应数据：{'status': 1, 'info': '查询成功！', 'data': [{'id': '2181', 'name': '四川轻化工大学', 'code': '4151010622', 'department': '四川省', 'city': '自贡市', 'level': '本科', 'remark': ''}]}
[2023-03-28  09:06:50.069] F:\自动化框架\auto_test_framework\base_api.py:75 [INFO]: 实际结果：status=1，预期结果：status=1
[2023-03-28  09:06:50.069] F:\自动化框架\auto_test_framework\base_api.py:75 [INFO]: 实际结果：info=查询成功！，预期结果：info=查询成功！
[2023-03-28  09:06:50.099] F:\auto_test_framework\cases\daxue.py:23 [INFO]: 2023-03-28 09:06:49 >>>>>> 执行结束！
[2023-03-28  09:06:50.164] F:\auto_test_framework\cases\daxue.py:20 [INFO]: 2023-03-28 09:06:49 >>>>>> 开始执行：
[2023-03-28  09:06:50.183] F:\自动化框架\auto_test_framework\base_api.py:65 [INFO]: 请求数据：{'url': 'https://www.iamwawa.cn/home/daxue/ajax', 'method': 'POST', 'headers': {'user-agent': 'Chrome'}, 'data': {'type': 'name', 'keyword': '厦门大学'}}
[2023-03-28  09:06:50.273] F:\自动化框架\auto_test_framework\base_api.py:69 [DEBUG]: 响应数据：{'status': 1, 'info': '查询成功！', 'data': [{'id': '1124', 'name': '厦门大学', 'code': '4135010384', 'department': '教育部', 'city': '厦门市', 'level': '本科', 'remark': ''}, {'id': '1153', 'name': '厦门大学嘉庚学院', 'code': '4135013469', 'department': '福建省教育厅', 'city': '漳州市', 'level': '本科', 'remark': '民办'}]}
[2023-03-28  09:06:50.274] F:\自动化框架\auto_test_framework\base_api.py:75 [INFO]: 实际结果：status=1，预期结果：status=1
[2023-03-28  09:06:50.274] F:\自动化框架\auto_test_framework\base_api.py:75 [INFO]: 实际结果：info=查询成功！，预期结果：info=查询成功！
[2023-03-28  09:06:50.295] F:\auto_test_framework\cases\daxue.py:23 [INFO]: 2023-03-28 09:06:49 >>>>>> 执行结束！
[2023-03-28  09:06:50.369] F:\auto_test_framework\cases\daxue.py:20 [INFO]: 2023-03-28 09:06:49 >>>>>> 开始执行：
[2023-03-28  09:06:50.388] F:\自动化框架\auto_test_framework\base_api.py:65 [INFO]: 请求数据：{'url': 'https://www.iamwawa.cn/home/daxue/ajax', 'method': 'POST', 'headers': {'user-agent': 'Chrome'}, 'data': {'type': 'name', 'keyword': '测试大学'}}
[2023-03-28  09:06:50.461] F:\自动化框架\auto_test_framework\base_api.py:69 [DEBUG]: 响应数据：{'status': 0, 'info': '没有找到相关信息！'}
[2023-03-28  09:06:50.462] F:\自动化框架\auto_test_framework\base_api.py:75 [INFO]: 实际结果：status=0，预期结果：status=1
[2023-03-28  09:06:50.634] F:\auto_test_framework\cases\daxue.py:23 [INFO]: 2023-03-28 09:06:49 >>>>>> 执行结束！
[2023-03-28  09:43:40.935] F:\自动化框架\auto_test_framework\main.py:21 [INFO]: 2023-03-28 09:43:40 >>>>>> 开始执行：
[2023-03-28  09:43:41.095] F:\自动化框架\auto_test_framework\main.py:24 [INFO]: 2023-03-28 09:43:40 >>>>>> 执行结束！
[2023-03-28  09:43:41.097] F:\自动化框架\auto_test_framework\main.py:21 [INFO]: 2023-03-28 09:43:40 >>>>>> 开始执行：
[2023-03-28  09:43:41.102] F:\自动化框架\auto_test_framework\main.py:24 [INFO]: 2023-03-28 09:43:40 >>>>>> 执行结束！
[2023-03-28  09:43:41.103] F:\自动化框架\auto_test_framework\main.py:21 [INFO]: 2023-03-28 09:43:40 >>>>>> 开始执行：
[2023-03-28  09:43:41.107] F:\自动化框架\auto_test_framework\main.py:24 [INFO]: 2023-03-28 09:43:40 >>>>>> 执行结束！
[2023-03-28  09:44:11.986] F:\自动化框架\auto_test_framework\main.py:21 [INFO]: 2023-03-28 09:44:11 >>>>>> 开始执行：
[2023-03-28  09:44:12.143] F:\自动化框架\auto_test_framework\main.py:24 [INFO]: 2023-03-28 09:44:11 >>>>>> 执行结束！
[2023-03-28  09:44:12.145] F:\自动化框架\auto_test_framework\main.py:21 [INFO]: 2023-03-28 09:44:11 >>>>>> 开始执行：
[2023-03-28  09:44:12.149] F:\自动化框架\auto_test_framework\main.py:24 [INFO]: 2023-03-28 09:44:11 >>>>>> 执行结束！
[2023-03-28  09:44:12.150] F:\自动化框架\auto_test_framework\main.py:21 [INFO]: 2023-03-28 09:44:11 >>>>>> 开始执行：
[2023-03-28  09:44:12.155] F:\自动化框架\auto_test_framework\main.py:24 [INFO]: 2023-03-28 09:44:11 >>>>>> 执行结束！
[2023-03-28  09:44:54.919] F:\auto_test_framework\cases\daxue.py:20 [INFO]: 2023-03-28 09:44:54 >>>>>> 开始执行：
[2023-03-28  09:44:54.947] F:\自动化框架\auto_test_framework\base_api.py:66 [INFO]: 请求数据：{'url': 'https://www.iamwawa.cn/home/daxue/ajax', 'method': 'POST', 'headers': {'user-agent': 'Chrome'}, 'data': {'req': {'title': '真实大学-四川轻化工大学', 'datas': {'type': 'name', 'keyword': '四川轻化工大学'}}, 'res': {'status': 1, 'info': '查询成功！'}}}
[2023-03-28  09:44:55.052] F:\自动化框架\auto_test_framework\base_api.py:70 [DEBUG]: 响应数据：{'status': 0, 'info': '请输入关键词！'}
[2023-03-28  09:44:55.053] F:\自动化框架\auto_test_framework\base_api.py:76 [INFO]: 实际结果：status=0，预期结果：status=1
[2023-03-28  09:44:55.241] F:\auto_test_framework\cases\daxue.py:23 [INFO]: 2023-03-28 09:44:54 >>>>>> 执行结束！
[2023-03-28  09:44:55.306] F:\auto_test_framework\cases\daxue.py:20 [INFO]: 2023-03-28 09:44:54 >>>>>> 开始执行：
[2023-03-28  09:44:55.319] F:\自动化框架\auto_test_framework\base_api.py:66 [INFO]: 请求数据：{'url': 'https://www.iamwawa.cn/home/daxue/ajax', 'method': 'POST', 'headers': {'user-agent': 'Chrome'}, 'data': {'req': {'title': '真实大学-厦门大学', 'datas': {'type': 'name', 'keyword': '厦门大学'}}, 'res': {'status': 1, 'info': '查询成功！'}}}
[2023-03-28  09:44:55.377] F:\自动化框架\auto_test_framework\base_api.py:70 [DEBUG]: 响应数据：{'status': 0, 'info': '请输入关键词！'}
[2023-03-28  09:44:55.378] F:\自动化框架\auto_test_framework\base_api.py:76 [INFO]: 实际结果：status=0，预期结果：status=1
[2023-03-28  09:44:55.404] F:\auto_test_framework\cases\daxue.py:23 [INFO]: 2023-03-28 09:44:54 >>>>>> 执行结束！
[2023-03-28  09:44:55.465] F:\auto_test_framework\cases\daxue.py:20 [INFO]: 2023-03-28 09:44:54 >>>>>> 开始执行：
[2023-03-28  09:44:55.478] F:\自动化框架\auto_test_framework\base_api.py:66 [INFO]: 请求数据：{'url': 'https://www.iamwawa.cn/home/daxue/ajax', 'method': 'POST', 'headers': {'user-agent': 'Chrome'}, 'data': {'req': {'title': '不存在-测试大学', 'datas': {'type': 'name', 'keyword': '测试大学'}}, 'res': {'status': 1, 'info': '没有找到相关信息！'}}}
[2023-03-28  09:44:55.542] F:\自动化框架\auto_test_framework\base_api.py:70 [DEBUG]: 响应数据：{'status': 0, 'info': '请输入关键词！'}
[2023-03-28  09:44:55.542] F:\自动化框架\auto_test_framework\base_api.py:76 [INFO]: 实际结果：status=0，预期结果：status=1
[2023-03-28  09:44:55.577] F:\auto_test_framework\cases\daxue.py:23 [INFO]: 2023-03-28 09:44:54 >>>>>> 执行结束！
[2023-03-28  10:42:45.858] F:\自动化框架\auto_test_framework\utils\get_yml_data.py:40 [ERROR]: 'utf-8' codec can't decode byte 0xb9 in position 2: invalid start byte
[2023-03-28  10:45:53.282] F:\自动化框架\auto_test_framework\utils\get_yml_data.py:40 [ERROR]: 'utf-8' codec can't decode byte 0xb9 in position 2: invalid start byte
[2023-03-28  10:46:27.380] F:\自动化框架\auto_test_framework\utils\get_yml_data.py:40 [ERROR]: 'utf-8' codec can't decode byte 0xcb in position 138: invalid continuation byte
[2023-03-28  10:46:55.702] F:\自动化框架\auto_test_framework\base_api.py:66 [INFO]: 请求数据：{'url': 'https://www.iamwawa.cn/home/daxue/ajax', 'method': 'POST', 'headers': {'user-agent': 'Chrome'}, 'data': [{'req': {'title': '真实大学-四川轻化工大学', 'datas': {'type': 'name', 'keyword': '四川轻化工大学'}}, 'res': {'status': 1, 'info': '查询成功！'}}, {'req': {'title': '真实大学-厦门大学', 'datas': {'type': 'name', 'keyword': '厦门大学'}}, 'res': {'status': 1, 'info': '查询成功！'}}, {'req': {'title': '不存在-测试大学', 'datas': {'type': 'name', 'keyword': '测试大学'}}, 'res': {'status': 1, 'info': '没有找到相关信息！'}}]}
[2023-03-28  10:46:55.799] F:\自动化框架\auto_test_framework\base_api.py:70 [DEBUG]: 响应数据：{'status': 0, 'info': '请输入关键词！'}
[2023-03-28  10:47:23.007] F:\自动化框架\auto_test_framework\utils\get_yml_data.py:40 [ERROR]: 'utf-8' codec can't decode byte 0xcb in position 138: invalid continuation byte
[2023-03-28  10:48:06.750] F:\自动化框架\auto_test_framework\utils\get_yml_data.py:40 [ERROR]: 'utf-8' codec can't decode byte 0xcb in position 138: invalid continuation byte
[2023-03-28  10:50:39.727] F:\自动化框架\auto_test_framework\utils\get_yml_data.py:40 [ERROR]: 'utf-8' codec can't decode byte 0xb9 in position 2: invalid start byte
[2023-03-28  10:59:23.191] F:\自动化框架\auto_test_framework\utils\get_yml_data.py:45 [ERROR]: name 'data' is not defined
[2023-03-28  11:00:33.429] F:\自动化框架\auto_test_framework\utils\get_yml_data.py:45 [ERROR]: name 'data' is not defined
[2023-03-28  11:01:05.145] F:\自动化框架\auto_test_framework\utils\get_yml_data.py:45 [ERROR]: name 'data' is not defined
[2023-03-28  11:12:13.873] F:\自动化框架\auto_test_framework\utils\get_yml_data.py:46 [ERROR]: 'dict' object has no attribute 'dict'
[2023-03-28  11:12:21.527] F:\自动化框架\auto_test_framework\utils\get_yml_data.py:45 [ERROR]: 'dict' object has no attribute 'dict'
[2023-03-28  11:12:36.178] F:\自动化框架\auto_test_framework\utils\get_yml_data.py:46 [ERROR]: print() takes at most 4 keyword arguments (12 given)
[2023-03-28  13:55:23.499] F:\自动化框架\auto_test_framework\utils\get_yml_data.py:44 [ERROR]: 'gbk' codec can't decode byte 0xad in position 33: illegal multibyte sequence
[2023-03-28  13:55:49.162] F:\自动化框架\auto_test_framework\utils\get_yml_data.py:44 [ERROR]: 'gbk' codec can't decode byte 0xad in position 33: illegal multibyte sequence
[2023-03-28  14:09:41.653] F:\自动化框架\auto_test_framework\utils\get_yml_data.py:44 [ERROR]: 'gbk' codec can't decode byte 0xad in position 44: illegal multibyte sequence
[2023-03-28  15:23:13.906] F:\自动化框架\auto_test_framework\utils\get_yml_data.py:44 [ERROR]: 'utf-8' codec can't decode byte 0xb9 in position 2: invalid start byte
[2023-03-28  15:23:29.368] F:\auto_test_framework\cases\daxue.py:20 [INFO]: 2023-03-28 15:23:29 >>>>>> 开始执行：
[2023-03-28  15:23:29.558] F:\auto_test_framework\cases\daxue.py:23 [INFO]: 2023-03-28 15:23:29 >>>>>> 执行结束！
[2023-03-28  15:23:29.624] F:\auto_test_framework\cases\daxue.py:20 [INFO]: 2023-03-28 15:23:29 >>>>>> 开始执行：
[2023-03-28  15:23:29.667] F:\auto_test_framework\cases\daxue.py:23 [INFO]: 2023-03-28 15:23:29 >>>>>> 执行结束！
[2023-03-28  15:23:29.718] F:\auto_test_framework\cases\daxue.py:20 [INFO]: 2023-03-28 15:23:29 >>>>>> 开始执行：
[2023-03-28  15:23:29.763] F:\auto_test_framework\cases\daxue.py:23 [INFO]: 2023-03-28 15:23:29 >>>>>> 执行结束！
[2023-03-28  15:24:45.438] F:\auto_test_framework\cases\daxue.py:20 [INFO]: 2023-03-28 15:24:45 >>>>>> 开始执行：
[2023-03-28  15:24:45.640] F:\auto_test_framework\cases\daxue.py:23 [INFO]: 2023-03-28 15:24:45 >>>>>> 执行结束！
[2023-03-28  15:24:45.642] F:\auto_test_framework\cases\daxue.py:20 [INFO]: 2023-03-28 15:24:45 >>>>>> 开始执行：
[2023-03-28  15:24:45.668] F:\auto_test_framework\cases\daxue.py:23 [INFO]: 2023-03-28 15:24:45 >>>>>> 执行结束！
[2023-03-28  15:24:45.669] F:\auto_test_framework\cases\daxue.py:20 [INFO]: 2023-03-28 15:24:45 >>>>>> 开始执行：
[2023-03-28  15:24:45.690] F:\auto_test_framework\cases\daxue.py:23 [INFO]: 2023-03-28 15:24:45 >>>>>> 执行结束！
[2023-03-28  15:25:11.086] F:\自动化框架\auto_test_framework\cases\daxue.py:20 [INFO]: 2023-03-28 15:25:10 >>>>>> 开始执行：
[2023-03-28  15:25:11.276] F:\自动化框架\auto_test_framework\cases\daxue.py:23 [INFO]: 2023-03-28 15:25:10 >>>>>> 执行结束！
[2023-03-28  15:25:11.278] F:\自动化框架\auto_test_framework\cases\daxue.py:20 [INFO]: 2023-03-28 15:25:10 >>>>>> 开始执行：
[2023-03-28  15:25:11.297] F:\自动化框架\auto_test_framework\cases\daxue.py:23 [INFO]: 2023-03-28 15:25:10 >>>>>> 执行结束！
[2023-03-28  15:25:11.299] F:\自动化框架\auto_test_framework\cases\daxue.py:20 [INFO]: 2023-03-28 15:25:10 >>>>>> 开始执行：
[2023-03-28  15:25:11.319] F:\自动化框架\auto_test_framework\cases\daxue.py:23 [INFO]: 2023-03-28 15:25:10 >>>>>> 执行结束！
[2023-03-28  17:11:15.004] F:\自动化框架\auto_test_framework\cases\daxue.py:20 [INFO]: 2023-03-28 17:11:14 >>>>>> 开始执行：
[2023-03-28  17:11:15.196] F:\自动化框架\auto_test_framework\cases\daxue.py:23 [INFO]: 2023-03-28 17:11:14 >>>>>> 执行结束！
[2023-03-28  17:11:15.260] F:\自动化框架\auto_test_framework\cases\daxue.py:20 [INFO]: 2023-03-28 17:11:14 >>>>>> 开始执行：
[2023-03-28  17:11:15.299] F:\自动化框架\auto_test_framework\cases\daxue.py:23 [INFO]: 2023-03-28 17:11:14 >>>>>> 执行结束！
[2023-03-28  17:11:15.372] F:\自动化框架\auto_test_framework\cases\daxue.py:20 [INFO]: 2023-03-28 17:11:14 >>>>>> 开始执行：
[2023-03-28  17:11:15.417] F:\自动化框架\auto_test_framework\cases\daxue.py:23 [INFO]: 2023-03-28 17:11:14 >>>>>> 执行结束！
[2023-03-28  17:11:26.515] F:\自动化框架\auto_test_framework\cases\daxue.py:20 [INFO]: 2023-03-28 17:11:26 >>>>>> 开始执行：
[2023-03-28  17:11:26.702] F:\自动化框架\auto_test_framework\cases\daxue.py:23 [INFO]: 2023-03-28 17:11:26 >>>>>> 执行结束！
[2023-03-28  17:11:26.704] F:\自动化框架\auto_test_framework\cases\daxue.py:20 [INFO]: 2023-03-28 17:11:26 >>>>>> 开始执行：
[2023-03-28  17:11:26.732] F:\自动化框架\auto_test_framework\cases\daxue.py:23 [INFO]: 2023-03-28 17:11:26 >>>>>> 执行结束！
[2023-03-28  17:11:26.733] F:\自动化框架\auto_test_framework\cases\daxue.py:20 [INFO]: 2023-03-28 17:11:26 >>>>>> 开始执行：
[2023-03-28  17:11:26.759] F:\自动化框架\auto_test_framework\cases\daxue.py:23 [INFO]: 2023-03-28 17:11:26 >>>>>> 执行结束！
[2023-03-28  17:11:44.984] F:\自动化框架\auto_test_framework\cases\daxue.py:20 [INFO]: 2023-03-28 17:11:44 >>>>>> 开始执行：
[2023-03-28  17:11:45.174] F:\自动化框架\auto_test_framework\cases\daxue.py:23 [INFO]: 2023-03-28 17:11:44 >>>>>> 执行结束！
[2023-03-28  17:11:45.176] F:\自动化框架\auto_test_framework\cases\daxue.py:20 [INFO]: 2023-03-28 17:11:44 >>>>>> 开始执行：
[2023-03-28  17:11:45.207] F:\自动化框架\auto_test_framework\cases\daxue.py:23 [INFO]: 2023-03-28 17:11:44 >>>>>> 执行结束！
[2023-03-28  17:11:45.209] F:\自动化框架\auto_test_framework\cases\daxue.py:20 [INFO]: 2023-03-28 17:11:44 >>>>>> 开始执行：
[2023-03-28  17:11:45.234] F:\自动化框架\auto_test_framework\cases\daxue.py:23 [INFO]: 2023-03-28 17:11:44 >>>>>> 执行结束！
[2023-03-28  17:16:43.402] F:\自动化框架\auto_test_framework\cases\daxue.py:20 [INFO]: 2023-03-28 17:16:43 >>>>>> 开始执行：
[2023-03-28  17:16:43.596] F:\自动化框架\auto_test_framework\cases\daxue.py:23 [INFO]: 2023-03-28 17:16:43 >>>>>> 执行结束！
[2023-03-28  17:16:43.597] F:\自动化框架\auto_test_framework\cases\daxue.py:20 [INFO]: 2023-03-28 17:16:43 >>>>>> 开始执行：
[2023-03-28  17:16:43.615] F:\自动化框架\auto_test_framework\cases\daxue.py:23 [INFO]: 2023-03-28 17:16:43 >>>>>> 执行结束！
[2023-03-28  17:16:43.616] F:\自动化框架\auto_test_framework\cases\daxue.py:20 [INFO]: 2023-03-28 17:16:43 >>>>>> 开始执行：
[2023-03-28  17:16:43.641] F:\自动化框架\auto_test_framework\cases\daxue.py:23 [INFO]: 2023-03-28 17:16:43 >>>>>> 执行结束！
[2023-03-28  17:16:55.454] F:\自动化框架\auto_test_framework\cases\daxue.py:20 [INFO]: 2023-03-28 17:16:55 >>>>>> 开始执行：
[2023-03-28  17:16:56.657] F:\自动化框架\auto_test_framework\cases\daxue.py:23 [INFO]: 2023-03-28 17:16:55 >>>>>> 执行结束！
[2023-03-28  17:16:56.659] F:\自动化框架\auto_test_framework\cases\daxue.py:20 [INFO]: 2023-03-28 17:16:55 >>>>>> 开始执行：
[2023-03-28  17:16:56.677] F:\自动化框架\auto_test_framework\cases\daxue.py:23 [INFO]: 2023-03-28 17:16:55 >>>>>> 执行结束！
[2023-03-28  17:16:56.679] F:\自动化框架\auto_test_framework\cases\daxue.py:20 [INFO]: 2023-03-28 17:16:55 >>>>>> 开始执行：
[2023-03-28  17:16:56.706] F:\自动化框架\auto_test_framework\cases\daxue.py:23 [INFO]: 2023-03-28 17:16:55 >>>>>> 执行结束！
[2023-03-28  18:09:24.571] F:\自动化框架\auto_test_framework\cases\daxue.py:20 [INFO]: 2023-03-28 18:09:24 >>>>>> 开始执行：
[2023-03-28  18:09:24.738] F:\自动化框架\auto_test_framework\cases\daxue.py:23 [INFO]: 2023-03-28 18:09:24 >>>>>> 执行结束！
[2023-03-28  18:09:52.865] F:\自动化框架\auto_test_framework\cases\daxue.py:20 [INFO]: 2023-03-28 18:09:52 >>>>>> 开始执行：
[2023-03-28  18:09:53.030] F:\自动化框架\auto_test_framework\cases\daxue.py:23 [INFO]: 2023-03-28 18:09:52 >>>>>> 执行结束！
[2023-03-28  18:28:01.433] F:\自动化框架\auto_test_framework\cases\daxue.py:24 [INFO]: 2023-03-28 18:28:01 >>>>>> 开始执行：
[2023-03-28  18:28:01.601] F:\自动化框架\auto_test_framework\cases\daxue.py:27 [INFO]: 2023-03-28 18:28:01 >>>>>> 执行结束！
[2023-03-28  18:28:35.721] F:\自动化框架\auto_test_framework\cases\daxue.py:24 [INFO]: 2023-03-28 18:28:35 >>>>>> 开始执行：
[2023-03-28  18:28:35.994] F:\自动化框架\auto_test_framework\cases\daxue.py:27 [INFO]: 2023-03-28 18:28:35 >>>>>> 执行结束！
[2023-03-28  18:29:12.658] F:\自动化框架\auto_test_framework\cases\daxue.py:24 [INFO]: 2023-03-28 18:29:12 >>>>>> 开始执行：
[2023-03-28  18:29:12.837] F:\自动化框架\auto_test_framework\cases\daxue.py:27 [INFO]: 2023-03-28 18:29:12 >>>>>> 执行结束！
[2023-03-28  18:31:26.216] F:\自动化框架\auto_test_framework\cases\daxue.py:24 [INFO]: 2023-03-28 18:31:26 >>>>>> 开始执行：
[2023-03-28  18:31:26.383] F:\自动化框架\auto_test_framework\cases\daxue.py:27 [INFO]: 2023-03-28 18:31:26 >>>>>> 执行结束！
[2023-03-28  18:32:25.288] F:\自动化框架\auto_test_framework\cases\daxue.py:24 [INFO]: 2023-03-28 18:32:25 >>>>>> 开始执行：
[2023-03-28  18:32:25.453] F:\自动化框架\auto_test_framework\cases\daxue.py:27 [INFO]: 2023-03-28 18:32:25 >>>>>> 执行结束！
[2023-03-28  18:32:35.193] F:\自动化框架\auto_test_framework\cases\daxue.py:24 [INFO]: 2023-03-28 18:32:35 >>>>>> 开始执行：
[2023-03-28  18:32:35.357] F:\自动化框架\auto_test_framework\cases\daxue.py:27 [INFO]: 2023-03-28 18:32:35 >>>>>> 执行结束！
[2023-03-28  18:37:54.429] F:\自动化框架\auto_test_framework\cases\daxue.py:24 [INFO]: 2023-03-28 18:37:54 >>>>>> 开始执行：
[2023-03-28  18:37:54.597] F:\自动化框架\auto_test_framework\cases\daxue.py:27 [INFO]: 2023-03-28 18:37:54 >>>>>> 执行结束！
[2023-03-28  19:18:36.396] F:\自动化框架\auto_test_framework\cases\daxue.py:24 [INFO]: 2023-03-28 19:18:36 >>>>>> 开始执行：
[2023-03-28  19:18:36.560] F:\自动化框架\auto_test_framework\cases\daxue.py:27 [INFO]: 2023-03-28 19:18:36 >>>>>> 执行结束！
[2023-03-28  19:19:00.067] F:\自动化框架\auto_test_framework\cases\daxue.py:24 [INFO]: 2023-03-28 19:18:59 >>>>>> 开始执行：
[2023-03-28  19:19:00.096] F:\自动化框架\auto_test_framework\cases\daxue.py:27 [INFO]: 2023-03-28 19:18:59 >>>>>> 执行结束！
[2023-03-28  19:21:01.100] F:\自动化框架\auto_test_framework\cases\daxue.py:24 [INFO]: 2023-03-28 19:21:00 >>>>>> 开始执行：
[2023-03-28  19:21:01.127] F:\自动化框架\auto_test_framework\cases\daxue.py:27 [INFO]: 2023-03-28 19:21:00 >>>>>> 执行结束！
[2023-03-28  19:21:31.097] F:\自动化框架\auto_test_framework\cases\daxue.py:24 [INFO]: 2023-03-28 19:21:30 >>>>>> 开始执行：
[2023-03-28  19:21:31.130] F:\自动化框架\auto_test_framework\cases\daxue.py:27 [INFO]: 2023-03-28 19:21:30 >>>>>> 执行结束！
[2023-03-28  19:25:43.951] F:\自动化框架\auto_test_framework\cases\daxue.py:24 [INFO]: 2023-03-28 19:25:43 >>>>>> 开始执行：
[2023-03-28  19:25:43.978] F:\自动化框架\auto_test_framework\cases\daxue.py:27 [INFO]: 2023-03-28 19:25:43 >>>>>> 执行结束！
[2023-03-28  19:25:58.812] F:\自动化框架\auto_test_framework\cases\daxue.py:24 [INFO]: 2023-03-28 19:25:58 >>>>>> 开始执行：
[2023-03-28  19:25:58.832] F:\自动化框架\auto_test_framework\cases\daxue.py:27 [INFO]: 2023-03-28 19:25:58 >>>>>> 执行结束！
