[2023-04-02  00:37:15.535] G:\auto_api1_framework\cases\daxue.py:27 [INFO]: 2023-04-02 00:37:15 >>>>>> 开始执行：
[2023-04-02  00:37:15.718] G:\auto_api1_framework\cases\daxue.py:30 [INFO]: 2023-04-02 00:37:15 >>>>>> 执行结束！
[2023-04-02  00:37:15.720] G:\auto_api1_framework\cases\daxue.py:27 [INFO]: 2023-04-02 00:37:15 >>>>>> 开始执行：
[2023-04-02  00:37:15.821] G:\auto_api1_framework\cases\daxue.py:30 [INFO]: 2023-04-02 00:37:15 >>>>>> 执行结束！
[2023-04-02  00:37:15.823] G:\auto_api1_framework\cases\daxue.py:27 [INFO]: 2023-04-02 00:37:15 >>>>>> 开始执行：
[2023-04-02  00:37:15.916] G:\auto_api1_framework\cases\daxue.py:30 [INFO]: 2023-04-02 00:37:15 >>>>>> 执行结束！
[2023-04-02  00:39:19.253] G:\auto_api1_framework\utils\get_logger.py:80 [DEBUG]: 调试
[2023-04-02  00:39:19.254] G:\auto_api1_framework\utils\get_logger.py:81 [INFO]: 信息
[2023-04-02  00:39:19.254] G:\auto_api1_framework\utils\get_logger.py:82 [WARNING]: 警告
[2023-04-02  00:39:19.254] G:\auto_api1_framework\utils\get_logger.py:83 [ERROR]: 报错
[2023-04-02  00:39:19.254] G:\auto_api1_framework\utils\get_logger.py:84 [CRITICAL]: 严重
[2023-04-02  19:56:42.840] G:\auto_api1_framework\cases\daxue.py:27 [INFO]: 2023-04-02 19:56:42 >>>>>> 开始执行：
[2023-04-02  19:56:43.166] G:\auto_api1_framework\cases\daxue.py:30 [INFO]: 2023-04-02 19:56:42 >>>>>> 执行结束！
[2023-04-02  19:56:43.169] G:\auto_api1_framework\cases\daxue.py:27 [INFO]: 2023-04-02 19:56:42 >>>>>> 开始执行：
[2023-04-02  19:56:43.257] G:\auto_api1_framework\cases\daxue.py:30 [INFO]: 2023-04-02 19:56:42 >>>>>> 执行结束！
[2023-04-02  19:56:43.259] G:\auto_api1_framework\cases\daxue.py:27 [INFO]: 2023-04-02 19:56:42 >>>>>> 开始执行：
[2023-04-02  19:56:43.357] G:\auto_api1_framework\cases\daxue.py:30 [INFO]: 2023-04-02 19:56:42 >>>>>> 执行结束！
[2023-04-02  19:57:00.527] G:\auto_api1_framework\cases\daxue.py:27 [INFO]: 2023-04-02 19:57:00 >>>>>> 开始执行：
[2023-04-02  19:57:00.657] G:\auto_api1_framework\cases\daxue.py:30 [INFO]: 2023-04-02 19:57:00 >>>>>> 执行结束！
[2023-04-02  19:57:00.659] G:\auto_api1_framework\cases\daxue.py:27 [INFO]: 2023-04-02 19:57:00 >>>>>> 开始执行：
[2023-04-02  19:57:00.766] G:\auto_api1_framework\cases\daxue.py:30 [INFO]: 2023-04-02 19:57:00 >>>>>> 执行结束！
[2023-04-02  19:57:00.767] G:\auto_api1_framework\cases\daxue.py:27 [INFO]: 2023-04-02 19:57:00 >>>>>> 开始执行：
[2023-04-02  19:57:00.862] G:\auto_api1_framework\cases\daxue.py:30 [INFO]: 2023-04-02 19:57:00 >>>>>> 执行结束！
[2023-04-02  21:22:19.144] G:\auto_api1_framework\cases\daxue.py:27 [INFO]: 2023-04-02 21:22:19 >>>>>> 开始执行：
[2023-04-02  21:22:19.360] G:\auto_api1_framework\cases\daxue.py:30 [INFO]: 2023-04-02 21:22:19 >>>>>> 执行结束！
[2023-04-02  21:22:19.362] G:\auto_api1_framework\cases\daxue.py:27 [INFO]: 2023-04-02 21:22:19 >>>>>> 开始执行：
[2023-04-02  21:22:19.466] G:\auto_api1_framework\cases\daxue.py:30 [INFO]: 2023-04-02 21:22:19 >>>>>> 执行结束！
[2023-04-02  21:22:19.468] G:\auto_api1_framework\cases\daxue.py:27 [INFO]: 2023-04-02 21:22:19 >>>>>> 开始执行：
[2023-04-02  21:22:19.569] G:\auto_api1_framework\cases\daxue.py:30 [INFO]: 2023-04-02 21:22:19 >>>>>> 执行结束！
[2023-04-02  21:22:33.575] G:\auto_api1_framework\cases\daxue.py:27 [INFO]: 2023-04-02 21:22:33 >>>>>> 开始执行：
[2023-04-02  21:22:33.686] G:\auto_api1_framework\cases\daxue.py:30 [INFO]: 2023-04-02 21:22:33 >>>>>> 执行结束！
[2023-04-02  21:22:33.689] G:\auto_api1_framework\cases\daxue.py:27 [INFO]: 2023-04-02 21:22:33 >>>>>> 开始执行：
[2023-04-02  21:22:33.788] G:\auto_api1_framework\cases\daxue.py:30 [INFO]: 2023-04-02 21:22:33 >>>>>> 执行结束！
[2023-04-02  21:22:33.791] G:\auto_api1_framework\cases\daxue.py:27 [INFO]: 2023-04-02 21:22:33 >>>>>> 开始执行：
[2023-04-02  21:22:33.882] G:\auto_api1_framework\cases\daxue.py:30 [INFO]: 2023-04-02 21:22:33 >>>>>> 执行结束！
