INFO    2023-04-06 10:42:38,400E:\auto_api1_framework\logs\info-2023-04-06.log:test_query_college_info.py:25 2023-04-06 10:42:38 >>>>>> 开始执行：
INFO    2023-04-06 10:42:38,534E:\auto_api1_framework\logs\info-2023-04-06.log:log_decorator.py:41 
======================================================
用例标题: 真实大学-四川轻化工大学
请求路径: https://www.iamwawa.cn/home/daxue/ajax
请求方式: POST
请求头:   {'user-agent': 'Chrome', 'Accept-Encoding': 'gzip, deflate', 'Accept': '*/*', 'Connection': 'keep-alive', 'Content-Length': '81', 'Content-Type': 'application/x-www-form-urlencoded'}
请求内容: None
接口响应内容: {'status': 1, 'info': '查询成功！', 'data': [{'id': '2181', 'name': '四川轻化工大学', 'code': '4151010622', 'department': '四川省', 'city': '自贡市', 'level': '本科', 'remark': ''}]}
接口响应时长: 128 ms
Http状态码: 200
=====================================================
INFO    2023-04-06 10:42:38,536E:\auto_api1_framework\logs\info-2023-04-06.log:test_query_college_info.py:28 2023-04-06 10:42:38 >>>>>> 执行结束！
INFO    2023-04-06 10:42:38,541E:\auto_api1_framework\logs\info-2023-04-06.log:test_query_college_info.py:25 2023-04-06 10:42:38 >>>>>> 开始执行：
INFO    2023-04-06 10:42:38,639E:\auto_api1_framework\logs\info-2023-04-06.log:log_decorator.py:41 
======================================================
用例标题: 真实大学-厦门大学
请求路径: https://www.iamwawa.cn/home/daxue/ajax
请求方式: POST
请求头:   {'user-agent': 'Chrome', 'Accept-Encoding': 'gzip, deflate', 'Accept': '*/*', 'Connection': 'keep-alive', 'Content-Length': '54', 'Content-Type': 'application/x-www-form-urlencoded'}
请求内容: None
接口响应内容: {'status': 1, 'info': '查询成功！', 'data': [{'id': '1124', 'name': '厦门大学', 'code': '4135010384', 'department': '教育部', 'city': '厦门市', 'level': '本科', 'remark': ''}, {'id': '1153', 'name': '厦门大学嘉庚学院', 'code': '4135013469', 'department': '福建省教育厅', 'city': '漳州市', 'level': '本科', 'remark': '民办'}]}
接口响应时长: 94 ms
Http状态码: 200
=====================================================
INFO    2023-04-06 10:42:38,641E:\auto_api1_framework\logs\info-2023-04-06.log:test_query_college_info.py:28 2023-04-06 10:42:38 >>>>>> 执行结束！
INFO    2023-04-06 10:42:38,644E:\auto_api1_framework\logs\info-2023-04-06.log:test_query_college_info.py:25 2023-04-06 10:42:38 >>>>>> 开始执行：
INFO    2023-04-06 10:42:38,736E:\auto_api1_framework\logs\info-2023-04-06.log:log_decorator.py:41 
======================================================
用例标题: 不存在-测试大学
请求路径: https://www.iamwawa.cn/home/daxue/ajax
请求方式: POST
请求头:   {'user-agent': 'Chrome', 'Accept-Encoding': 'gzip, deflate', 'Accept': '*/*', 'Connection': 'keep-alive', 'Content-Length': '54', 'Content-Type': 'application/x-www-form-urlencoded'}
请求内容: None
接口响应内容: {'status': 0, 'info': '没有找到相关信息！'}
接口响应时长: 89 ms
Http状态码: 200
=====================================================
INFO    2023-04-06 10:42:38,738E:\auto_api1_framework\logs\info-2023-04-06.log:test_query_college_info.py:28 2023-04-06 10:42:38 >>>>>> 执行结束！
INFO    2023-04-06 10:43:13,818E:\auto_api1_framework\logs\info-2023-04-06.log:test_query_college_info.py:25 2023-04-06 10:43:13 >>>>>> 开始执行：
INFO    2023-04-06 10:43:13,926E:\auto_api1_framework\logs\info-2023-04-06.log:log_decorator.py:41 
======================================================
用例标题: 真实大学-四川轻化工大学
请求路径: https://www.iamwawa.cn/home/daxue/ajax
请求方式: POST
请求头:   {'user-agent': 'Chrome', 'Accept-Encoding': 'gzip, deflate', 'Accept': '*/*', 'Connection': 'keep-alive', 'Content-Length': '81', 'Content-Type': 'application/x-www-form-urlencoded'}
请求内容: None
接口响应内容: {'status': 1, 'info': '查询成功！', 'data': [{'id': '2181', 'name': '四川轻化工大学', 'code': '4151010622', 'department': '四川省', 'city': '自贡市', 'level': '本科', 'remark': ''}]}
接口响应时长: 103 ms
Http状态码: 200
=====================================================
INFO    2023-04-06 10:43:13,928E:\auto_api1_framework\logs\info-2023-04-06.log:test_query_college_info.py:28 2023-04-06 10:43:13 >>>>>> 执行结束！
INFO    2023-04-06 10:43:13,931E:\auto_api1_framework\logs\info-2023-04-06.log:test_query_college_info.py:25 2023-04-06 10:43:13 >>>>>> 开始执行：
INFO    2023-04-06 10:43:14,028E:\auto_api1_framework\logs\info-2023-04-06.log:log_decorator.py:41 
======================================================
用例标题: 真实大学-厦门大学
请求路径: https://www.iamwawa.cn/home/daxue/ajax
请求方式: POST
请求头:   {'user-agent': 'Chrome', 'Accept-Encoding': 'gzip, deflate', 'Accept': '*/*', 'Connection': 'keep-alive', 'Content-Length': '54', 'Content-Type': 'application/x-www-form-urlencoded'}
请求内容: None
接口响应内容: {'status': 1, 'info': '查询成功！', 'data': [{'id': '1124', 'name': '厦门大学', 'code': '4135010384', 'department': '教育部', 'city': '厦门市', 'level': '本科', 'remark': ''}, {'id': '1153', 'name': '厦门大学嘉庚学院', 'code': '4135013469', 'department': '福建省教育厅', 'city': '漳州市', 'level': '本科', 'remark': '民办'}]}
接口响应时长: 93 ms
Http状态码: 200
=====================================================
INFO    2023-04-06 10:43:14,030E:\auto_api1_framework\logs\info-2023-04-06.log:test_query_college_info.py:28 2023-04-06 10:43:13 >>>>>> 执行结束！
INFO    2023-04-06 10:43:14,032E:\auto_api1_framework\logs\info-2023-04-06.log:test_query_college_info.py:25 2023-04-06 10:43:13 >>>>>> 开始执行：
INFO    2023-04-06 10:43:14,124E:\auto_api1_framework\logs\info-2023-04-06.log:log_decorator.py:41 
======================================================
用例标题: 不存在-测试大学
请求路径: https://www.iamwawa.cn/home/daxue/ajax
请求方式: POST
请求头:   {'user-agent': 'Chrome', 'Accept-Encoding': 'gzip, deflate', 'Accept': '*/*', 'Connection': 'keep-alive', 'Content-Length': '54', 'Content-Type': 'application/x-www-form-urlencoded'}
请求内容: None
接口响应内容: {'status': 0, 'info': '没有找到相关信息！'}
接口响应时长: 88 ms
Http状态码: 200
=====================================================
INFO    2023-04-06 10:43:14,126E:\auto_api1_framework\logs\info-2023-04-06.log:test_query_college_info.py:28 2023-04-06 10:43:13 >>>>>> 执行结束！
INFO    2023-04-06 10:53:57,585E:\auto_api1_framework\logs\info-2023-04-06.log:test_query_college_info.py:25 2023-04-06 10:53:57 >>>>>> 开始执行：
INFO    2023-04-06 10:53:57,716E:\auto_api1_framework\logs\info-2023-04-06.log:log_decorator.py:41 
======================================================
用例标题: 真实大学-四川轻化工大学
请求路径: https://www.iamwawa.cn/home/daxue/ajax
请求方式: POST
请求头:   {'user-agent': 'Chrome', 'Accept-Encoding': 'gzip, deflate', 'Accept': '*/*', 'Connection': 'keep-alive', 'Content-Length': '81', 'Content-Type': 'application/x-www-form-urlencoded'}
请求内容: None
接口响应内容: {'status': 1, 'info': '查询成功！', 'data': [{'id': '2181', 'name': '四川轻化工大学', 'code': '4151010622', 'department': '四川省', 'city': '自贡市', 'level': '本科', 'remark': ''}]}
接口响应时长: 125 ms
Http状态码: 200
=====================================================
INFO    2023-04-06 10:53:57,718E:\auto_api1_framework\logs\info-2023-04-06.log:test_query_college_info.py:28 2023-04-06 10:53:57 >>>>>> 执行结束！
INFO    2023-04-06 10:53:57,720E:\auto_api1_framework\logs\info-2023-04-06.log:test_query_college_info.py:25 2023-04-06 10:53:57 >>>>>> 开始执行：
INFO    2023-04-06 10:53:57,805E:\auto_api1_framework\logs\info-2023-04-06.log:log_decorator.py:41 
======================================================
用例标题: 真实大学-厦门大学
请求路径: https://www.iamwawa.cn/home/daxue/ajax
请求方式: POST
请求头:   {'user-agent': 'Chrome', 'Accept-Encoding': 'gzip, deflate', 'Accept': '*/*', 'Connection': 'keep-alive', 'Content-Length': '54', 'Content-Type': 'application/x-www-form-urlencoded'}
请求内容: None
接口响应内容: {'status': 1, 'info': '查询成功！', 'data': [{'id': '1124', 'name': '厦门大学', 'code': '4135010384', 'department': '教育部', 'city': '厦门市', 'level': '本科', 'remark': ''}, {'id': '1153', 'name': '厦门大学嘉庚学院', 'code': '4135013469', 'department': '福建省教育厅', 'city': '漳州市', 'level': '本科', 'remark': '民办'}]}
接口响应时长: 81 ms
Http状态码: 200
=====================================================
INFO    2023-04-06 10:53:57,807E:\auto_api1_framework\logs\info-2023-04-06.log:test_query_college_info.py:28 2023-04-06 10:53:57 >>>>>> 执行结束！
INFO    2023-04-06 10:53:57,808E:\auto_api1_framework\logs\info-2023-04-06.log:test_query_college_info.py:25 2023-04-06 10:53:57 >>>>>> 开始执行：
INFO    2023-04-06 10:53:57,896E:\auto_api1_framework\logs\info-2023-04-06.log:log_decorator.py:41 
======================================================
用例标题: 不存在-测试大学
请求路径: https://www.iamwawa.cn/home/daxue/ajax
请求方式: POST
请求头:   {'user-agent': 'Chrome', 'Accept-Encoding': 'gzip, deflate', 'Accept': '*/*', 'Connection': 'keep-alive', 'Content-Length': '54', 'Content-Type': 'application/x-www-form-urlencoded'}
请求内容: None
接口响应内容: {'status': 0, 'info': '没有找到相关信息！'}
接口响应时长: 83 ms
Http状态码: 200
=====================================================
INFO    2023-04-06 10:53:57,898E:\auto_api1_framework\logs\info-2023-04-06.log:test_query_college_info.py:28 2023-04-06 10:53:57 >>>>>> 执行结束！
INFO    2023-04-06 10:54:48,601E:\auto_api1_framework\logs\info-2023-04-06.log:test_query_college_info.py:25 2023-04-06 10:54:48 >>>>>> 开始执行：
INFO    2023-04-06 10:54:48,712E:\auto_api1_framework\logs\info-2023-04-06.log:log_decorator.py:41 
======================================================
用例标题: 真实大学-四川轻化工大学
请求路径: https://www.iamwawa.cn/home/daxue/ajax
请求方式: POST
请求头:   {'user-agent': 'Chrome', 'Accept-Encoding': 'gzip, deflate', 'Accept': '*/*', 'Connection': 'keep-alive', 'Content-Length': '81', 'Content-Type': 'application/x-www-form-urlencoded'}
请求内容: None
接口响应内容: {'status': 1, 'info': '查询成功！', 'data': [{'id': '2181', 'name': '四川轻化工大学', 'code': '4151010622', 'department': '四川省', 'city': '自贡市', 'level': '本科', 'remark': ''}]}
接口响应时长: 104 ms
Http状态码: 200
=====================================================
INFO    2023-04-06 10:54:48,715E:\auto_api1_framework\logs\info-2023-04-06.log:test_query_college_info.py:28 2023-04-06 10:54:48 >>>>>> 执行结束！
INFO    2023-04-06 10:54:48,718E:\auto_api1_framework\logs\info-2023-04-06.log:test_query_college_info.py:25 2023-04-06 10:54:48 >>>>>> 开始执行：
INFO    2023-04-06 10:54:48,833E:\auto_api1_framework\logs\info-2023-04-06.log:log_decorator.py:41 
======================================================
用例标题: 真实大学-厦门大学
请求路径: https://www.iamwawa.cn/home/daxue/ajax
请求方式: POST
请求头:   {'user-agent': 'Chrome', 'Accept-Encoding': 'gzip, deflate', 'Accept': '*/*', 'Connection': 'keep-alive', 'Content-Length': '54', 'Content-Type': 'application/x-www-form-urlencoded'}
请求内容: None
接口响应内容: {'status': 1, 'info': '查询成功！', 'data': [{'id': '1124', 'name': '厦门大学', 'code': '4135010384', 'department': '教育部', 'city': '厦门市', 'level': '本科', 'remark': ''}, {'id': '1153', 'name': '厦门大学嘉庚学院', 'code': '4135013469', 'department': '福建省教育厅', 'city': '漳州市', 'level': '本科', 'remark': '民办'}]}
接口响应时长: 111 ms
Http状态码: 200
=====================================================
INFO    2023-04-06 10:54:48,835E:\auto_api1_framework\logs\info-2023-04-06.log:test_query_college_info.py:28 2023-04-06 10:54:48 >>>>>> 执行结束！
INFO    2023-04-06 10:54:48,836E:\auto_api1_framework\logs\info-2023-04-06.log:test_query_college_info.py:25 2023-04-06 10:54:48 >>>>>> 开始执行：
INFO    2023-04-06 10:54:48,924E:\auto_api1_framework\logs\info-2023-04-06.log:log_decorator.py:41 
======================================================
用例标题: 不存在-测试大学
请求路径: https://www.iamwawa.cn/home/daxue/ajax
请求方式: POST
请求头:   {'user-agent': 'Chrome', 'Accept-Encoding': 'gzip, deflate', 'Accept': '*/*', 'Connection': 'keep-alive', 'Content-Length': '54', 'Content-Type': 'application/x-www-form-urlencoded'}
请求内容: None
接口响应内容: {'status': 0, 'info': '没有找到相关信息！'}
接口响应时长: 84 ms
Http状态码: 200
=====================================================
INFO    2023-04-06 10:54:48,926E:\auto_api1_framework\logs\info-2023-04-06.log:test_query_college_info.py:28 2023-04-06 10:54:48 >>>>>> 执行结束！
INFO    2023-04-06 11:02:31,595E:\auto_api1_framework\logs\info-2023-04-06.log:test_query_college_info.py:25 2023-04-06 11:02:31 >>>>>> 开始执行：
INFO    2023-04-06 11:02:31,697E:\auto_api1_framework\logs\info-2023-04-06.log:log_decorator.py:41 
======================================================
用例标题: 真实大学-四川轻化工大学
请求路径: https://www.iamwawa.cn/home/daxue/ajax
请求方式: POST
请求头:   {'user-agent': 'Chrome', 'Accept-Encoding': 'gzip, deflate', 'Accept': '*/*', 'Connection': 'keep-alive', 'Content-Length': '81', 'Content-Type': 'application/x-www-form-urlencoded'}
请求内容: None
接口响应内容: {'status': 1, 'info': '查询成功！', 'data': [{'id': '2181', 'name': '四川轻化工大学', 'code': '4151010622', 'department': '四川省', 'city': '自贡市', 'level': '本科', 'remark': ''}]}
接口响应时长: 98 ms
Http状态码: 200
=====================================================
INFO    2023-04-06 11:02:31,700E:\auto_api1_framework\logs\info-2023-04-06.log:test_query_college_info.py:28 2023-04-06 11:02:31 >>>>>> 执行结束！
INFO    2023-04-06 11:02:31,703E:\auto_api1_framework\logs\info-2023-04-06.log:test_query_college_info.py:25 2023-04-06 11:02:31 >>>>>> 开始执行：
INFO    2023-04-06 11:02:31,787E:\auto_api1_framework\logs\info-2023-04-06.log:log_decorator.py:41 
======================================================
用例标题: 真实大学-厦门大学
请求路径: https://www.iamwawa.cn/home/daxue/ajax
请求方式: POST
请求头:   {'user-agent': 'Chrome', 'Accept-Encoding': 'gzip, deflate', 'Accept': '*/*', 'Connection': 'keep-alive', 'Content-Length': '54', 'Content-Type': 'application/x-www-form-urlencoded'}
请求内容: None
接口响应内容: {'status': 1, 'info': '查询成功！', 'data': [{'id': '1124', 'name': '厦门大学', 'code': '4135010384', 'department': '教育部', 'city': '厦门市', 'level': '本科', 'remark': ''}, {'id': '1153', 'name': '厦门大学嘉庚学院', 'code': '4135013469', 'department': '福建省教育厅', 'city': '漳州市', 'level': '本科', 'remark': '民办'}]}
接口响应时长: 80 ms
Http状态码: 200
=====================================================
INFO    2023-04-06 11:02:31,789E:\auto_api1_framework\logs\info-2023-04-06.log:test_query_college_info.py:28 2023-04-06 11:02:31 >>>>>> 执行结束！
INFO    2023-04-06 11:02:31,791E:\auto_api1_framework\logs\info-2023-04-06.log:test_query_college_info.py:25 2023-04-06 11:02:31 >>>>>> 开始执行：
INFO    2023-04-06 11:02:31,875E:\auto_api1_framework\logs\info-2023-04-06.log:log_decorator.py:41 
======================================================
用例标题: 不存在-测试大学
请求路径: https://www.iamwawa.cn/home/daxue/ajax
请求方式: POST
请求头:   {'user-agent': 'Chrome', 'Accept-Encoding': 'gzip, deflate', 'Accept': '*/*', 'Connection': 'keep-alive', 'Content-Length': '54', 'Content-Type': 'application/x-www-form-urlencoded'}
请求内容: None
接口响应内容: {'status': 0, 'info': '没有找到相关信息！'}
接口响应时长: 80 ms
Http状态码: 200
=====================================================
INFO    2023-04-06 11:02:31,876E:\auto_api1_framework\logs\info-2023-04-06.log:test_query_college_info.py:28 2023-04-06 11:02:31 >>>>>> 执行结束！
INFO    2023-04-06 11:30:42,435E:\auto_api1_framework\logs\info-2023-04-06.log:test_query_college_info.py:25 2023-04-06 11:30:42 >>>>>> 开始执行：
INFO    2023-04-06 11:30:42,569E:\auto_api1_framework\logs\info-2023-04-06.log:log_decorator.py:41 
======================================================
用例标题: 真实大学-四川轻化工大学
请求路径: https://www.iamwawa.cn/home/daxue/ajax
请求方式: POST
请求头:   {'user-agent': 'Chrome', 'Accept-Encoding': 'gzip, deflate', 'Accept': '*/*', 'Connection': 'keep-alive', 'Content-Length': '81', 'Content-Type': 'application/x-www-form-urlencoded'}
请求内容: None
接口响应内容: {'status': 1, 'info': '查询成功！', 'data': [{'id': '2181', 'name': '四川轻化工大学', 'code': '4151010622', 'department': '四川省', 'city': '自贡市', 'level': '本科', 'remark': ''}]}
接口响应时长: 125 ms
Http状态码: 200
=====================================================
INFO    2023-04-06 11:30:42,571E:\auto_api1_framework\logs\info-2023-04-06.log:test_query_college_info.py:28 2023-04-06 11:30:42 >>>>>> 执行结束！
INFO    2023-04-06 11:30:42,574E:\auto_api1_framework\logs\info-2023-04-06.log:test_query_college_info.py:25 2023-04-06 11:30:42 >>>>>> 开始执行：
INFO    2023-04-06 11:30:42,663E:\auto_api1_framework\logs\info-2023-04-06.log:log_decorator.py:41 
======================================================
用例标题: 真实大学-厦门大学
请求路径: https://www.iamwawa.cn/home/daxue/ajax
请求方式: POST
请求头:   {'user-agent': 'Chrome', 'Accept-Encoding': 'gzip, deflate', 'Accept': '*/*', 'Connection': 'keep-alive', 'Content-Length': '54', 'Content-Type': 'application/x-www-form-urlencoded'}
请求内容: None
接口响应内容: {'status': 1, 'info': '查询成功！', 'data': [{'id': '1124', 'name': '厦门大学', 'code': '4135010384', 'department': '教育部', 'city': '厦门市', 'level': '本科', 'remark': ''}, {'id': '1153', 'name': '厦门大学嘉庚学院', 'code': '4135013469', 'department': '福建省教育厅', 'city': '漳州市', 'level': '本科', 'remark': '民办'}]}
接口响应时长: 83 ms
Http状态码: 200
=====================================================
INFO    2023-04-06 11:30:42,665E:\auto_api1_framework\logs\info-2023-04-06.log:test_query_college_info.py:28 2023-04-06 11:30:42 >>>>>> 执行结束！
INFO    2023-04-06 11:30:42,668E:\auto_api1_framework\logs\info-2023-04-06.log:test_query_college_info.py:25 2023-04-06 11:30:42 >>>>>> 开始执行：
INFO    2023-04-06 11:30:42,755E:\auto_api1_framework\logs\info-2023-04-06.log:log_decorator.py:41 
======================================================
用例标题: 不存在-测试大学
请求路径: https://www.iamwawa.cn/home/daxue/ajax
请求方式: POST
请求头:   {'user-agent': 'Chrome', 'Accept-Encoding': 'gzip, deflate', 'Accept': '*/*', 'Connection': 'keep-alive', 'Content-Length': '54', 'Content-Type': 'application/x-www-form-urlencoded'}
请求内容: None
接口响应内容: {'status': 0, 'info': '没有找到相关信息！'}
接口响应时长: 80 ms
Http状态码: 200
=====================================================
INFO    2023-04-06 11:30:42,756E:\auto_api1_framework\logs\info-2023-04-06.log:test_query_college_info.py:28 2023-04-06 11:30:42 >>>>>> 执行结束！
INFO    2023-04-06 11:33:55,328E:\auto_api1_framework\logs\info-2023-04-06.log:test_query_college_info.py:25 2023-04-06 11:33:55 >>>>>> 开始执行：
INFO    2023-04-06 11:33:55,470E:\auto_api1_framework\logs\info-2023-04-06.log:log_decorator.py:41 
======================================================
用例标题: 真实大学-四川轻化工大学
请求路径: https://www.iamwawa.cn/home/daxue/ajax
请求方式: POST
请求头:   {'user-agent': 'Chrome', 'Accept-Encoding': 'gzip, deflate', 'Accept': '*/*', 'Connection': 'keep-alive', 'Content-Length': '81', 'Content-Type': 'application/x-www-form-urlencoded'}
请求内容: None
接口响应内容: {'status': 1, 'info': '查询成功！', 'data': [{'id': '2181', 'name': '四川轻化工大学', 'code': '4151010622', 'department': '四川省', 'city': '自贡市', 'level': '本科', 'remark': ''}]}
接口响应时长: 135 ms
Http状态码: 200
=====================================================
INFO    2023-04-06 11:33:55,472E:\auto_api1_framework\logs\info-2023-04-06.log:test_query_college_info.py:28 2023-04-06 11:33:55 >>>>>> 执行结束！
INFO    2023-04-06 11:33:55,476E:\auto_api1_framework\logs\info-2023-04-06.log:test_query_college_info.py:25 2023-04-06 11:33:55 >>>>>> 开始执行：
INFO    2023-04-06 11:33:55,570E:\auto_api1_framework\logs\info-2023-04-06.log:log_decorator.py:41 
======================================================
用例标题: 真实大学-厦门大学
请求路径: https://www.iamwawa.cn/home/daxue/ajax
请求方式: POST
请求头:   {'user-agent': 'Chrome', 'Accept-Encoding': 'gzip, deflate', 'Accept': '*/*', 'Connection': 'keep-alive', 'Content-Length': '54', 'Content-Type': 'application/x-www-form-urlencoded'}
请求内容: None
接口响应内容: {'status': 1, 'info': '查询成功！', 'data': [{'id': '1124', 'name': '厦门大学', 'code': '4135010384', 'department': '教育部', 'city': '厦门市', 'level': '本科', 'remark': ''}, {'id': '1153', 'name': '厦门大学嘉庚学院', 'code': '4135013469', 'department': '福建省教育厅', 'city': '漳州市', 'level': '本科', 'remark': '民办'}]}
接口响应时长: 89 ms
Http状态码: 200
=====================================================
INFO    2023-04-06 11:33:55,572E:\auto_api1_framework\logs\info-2023-04-06.log:test_query_college_info.py:28 2023-04-06 11:33:55 >>>>>> 执行结束！
INFO    2023-04-06 11:33:55,575E:\auto_api1_framework\logs\info-2023-04-06.log:test_query_college_info.py:25 2023-04-06 11:33:55 >>>>>> 开始执行：
INFO    2023-04-06 11:33:55,660E:\auto_api1_framework\logs\info-2023-04-06.log:log_decorator.py:41 
======================================================
用例标题: 不存在-测试大学
请求路径: https://www.iamwawa.cn/home/daxue/ajax
请求方式: POST
请求头:   {'user-agent': 'Chrome', 'Accept-Encoding': 'gzip, deflate', 'Accept': '*/*', 'Connection': 'keep-alive', 'Content-Length': '54', 'Content-Type': 'application/x-www-form-urlencoded'}
请求内容: None
接口响应内容: {'status': 0, 'info': '没有找到相关信息！'}
接口响应时长: 78 ms
Http状态码: 200
=====================================================
INFO    2023-04-06 11:33:55,661E:\auto_api1_framework\logs\info-2023-04-06.log:test_query_college_info.py:28 2023-04-06 11:33:55 >>>>>> 执行结束！
INFO    2023-04-06 11:34:29,724E:\auto_api1_framework\logs\info-2023-04-06.log:test_query_college_info.py:25 2023-04-06 11:34:29 >>>>>> 开始执行：
INFO    2023-04-06 11:34:29,834E:\auto_api1_framework\logs\info-2023-04-06.log:log_decorator.py:41 
======================================================
用例标题: 真实大学-四川轻化工大学
请求路径: https://www.iamwawa.cn/home/daxue/ajax
请求方式: POST
请求头:   {'user-agent': 'Chrome', 'Accept-Encoding': 'gzip, deflate', 'Accept': '*/*', 'Connection': 'keep-alive', 'Content-Length': '81', 'Content-Type': 'application/x-www-form-urlencoded'}
请求内容: None
接口响应内容: {'status': 1, 'info': '查询成功！', 'data': [{'id': '2181', 'name': '四川轻化工大学', 'code': '4151010622', 'department': '四川省', 'city': '自贡市', 'level': '本科', 'remark': ''}]}
接口响应时长: 105 ms
Http状态码: 200
=====================================================
INFO    2023-04-06 11:34:29,836E:\auto_api1_framework\logs\info-2023-04-06.log:test_query_college_info.py:28 2023-04-06 11:34:29 >>>>>> 执行结束！
INFO    2023-04-06 11:34:29,838E:\auto_api1_framework\logs\info-2023-04-06.log:test_query_college_info.py:25 2023-04-06 11:34:29 >>>>>> 开始执行：
INFO    2023-04-06 11:34:29,932E:\auto_api1_framework\logs\info-2023-04-06.log:log_decorator.py:41 
======================================================
用例标题: 真实大学-厦门大学
请求路径: https://www.iamwawa.cn/home/daxue/ajax
请求方式: POST
请求头:   {'user-agent': 'Chrome', 'Accept-Encoding': 'gzip, deflate', 'Accept': '*/*', 'Connection': 'keep-alive', 'Content-Length': '54', 'Content-Type': 'application/x-www-form-urlencoded'}
请求内容: None
接口响应内容: {'status': 1, 'info': '查询成功！', 'data': [{'id': '1124', 'name': '厦门大学', 'code': '4135010384', 'department': '教育部', 'city': '厦门市', 'level': '本科', 'remark': ''}, {'id': '1153', 'name': '厦门大学嘉庚学院', 'code': '4135013469', 'department': '福建省教育厅', 'city': '漳州市', 'level': '本科', 'remark': '民办'}]}
接口响应时长: 90 ms
Http状态码: 200
=====================================================
INFO    2023-04-06 11:34:29,934E:\auto_api1_framework\logs\info-2023-04-06.log:test_query_college_info.py:28 2023-04-06 11:34:29 >>>>>> 执行结束！
INFO    2023-04-06 11:34:29,935E:\auto_api1_framework\logs\info-2023-04-06.log:test_query_college_info.py:25 2023-04-06 11:34:29 >>>>>> 开始执行：
INFO    2023-04-06 11:34:30,023E:\auto_api1_framework\logs\info-2023-04-06.log:log_decorator.py:41 
======================================================
用例标题: 不存在-测试大学
请求路径: https://www.iamwawa.cn/home/daxue/ajax
请求方式: POST
请求头:   {'user-agent': 'Chrome', 'Accept-Encoding': 'gzip, deflate', 'Accept': '*/*', 'Connection': 'keep-alive', 'Content-Length': '54', 'Content-Type': 'application/x-www-form-urlencoded'}
请求内容: None
接口响应内容: {'status': 0, 'info': '没有找到相关信息！'}
接口响应时长: 84 ms
Http状态码: 200
=====================================================
INFO    2023-04-06 11:34:30,025E:\auto_api1_framework\logs\info-2023-04-06.log:test_query_college_info.py:28 2023-04-06 11:34:29 >>>>>> 执行结束！
INFO    2023-04-06 16:07:32,060E:\auto_api1_framework\logs\info-2023-04-06.log:test_query_college_info.py:26 2023-04-06 16:07:31 >>>>>> 开始执行：
INFO    2023-04-06 16:07:32,065E:\auto_api1_framework\logs\info-2023-04-06.log:test_query_college_info.py:29 2023-04-06 16:07:31 >>>>>> 执行结束！
INFO    2023-04-06 16:07:32,067E:\auto_api1_framework\logs\info-2023-04-06.log:test_query_college_info.py:26 2023-04-06 16:07:31 >>>>>> 开始执行：
INFO    2023-04-06 16:07:32,069E:\auto_api1_framework\logs\info-2023-04-06.log:test_query_college_info.py:29 2023-04-06 16:07:31 >>>>>> 执行结束！
INFO    2023-04-06 16:07:32,070E:\auto_api1_framework\logs\info-2023-04-06.log:test_query_college_info.py:26 2023-04-06 16:07:31 >>>>>> 开始执行：
INFO    2023-04-06 16:07:32,072E:\auto_api1_framework\logs\info-2023-04-06.log:test_query_college_info.py:29 2023-04-06 16:07:31 >>>>>> 执行结束！
INFO    2023-04-06 16:11:22,842E:\auto_api1_framework\logs\info-2023-04-06.log:test_query_college_info.py:26 2023-04-06 16:11:22 >>>>>> 开始执行：
INFO    2023-04-06 16:11:22,847E:\auto_api1_framework\logs\info-2023-04-06.log:test_query_college_info.py:29 2023-04-06 16:11:22 >>>>>> 执行结束！
INFO    2023-04-06 16:11:22,849E:\auto_api1_framework\logs\info-2023-04-06.log:test_query_college_info.py:26 2023-04-06 16:11:22 >>>>>> 开始执行：
INFO    2023-04-06 16:11:22,851E:\auto_api1_framework\logs\info-2023-04-06.log:test_query_college_info.py:29 2023-04-06 16:11:22 >>>>>> 执行结束！
INFO    2023-04-06 16:11:22,853E:\auto_api1_framework\logs\info-2023-04-06.log:test_query_college_info.py:26 2023-04-06 16:11:22 >>>>>> 开始执行：
INFO    2023-04-06 16:11:22,855E:\auto_api1_framework\logs\info-2023-04-06.log:test_query_college_info.py:29 2023-04-06 16:11:22 >>>>>> 执行结束！
INFO    2023-04-06 16:12:23,666E:\auto_api1_framework\logs\info-2023-04-06.log:test_query_college_info.py:26 2023-04-06 16:12:23 >>>>>> 开始执行：
INFO    2023-04-06 16:12:23,793E:\auto_api1_framework\logs\info-2023-04-06.log:log_decorator.py:41 
======================================================
用例标题: 真实大学-四川轻化工大学
请求路径: https://www.iamwawa.cn/home/daxue/ajax
请求方式: POST
请求头:   {'user-agent': 'Chrome', 'Accept-Encoding': 'gzip, deflate', 'Accept': '*/*', 'Connection': 'keep-alive', 'Content-Length': '81', 'Content-Type': 'application/x-www-form-urlencoded'}
请求内容: None
接口响应内容: {'status': 1, 'info': '查询成功！', 'data': [{'id': '2181', 'name': '四川轻化工大学', 'code': '4151010622', 'department': '四川省', 'city': '自贡市', 'level': '本科', 'remark': ''}]}
接口响应时长: 122 ms
Http状态码: 200
=====================================================
INFO    2023-04-06 16:12:23,795E:\auto_api1_framework\logs\info-2023-04-06.log:test_query_college_info.py:29 2023-04-06 16:12:23 >>>>>> 执行结束！
INFO    2023-04-06 16:12:23,797E:\auto_api1_framework\logs\info-2023-04-06.log:test_query_college_info.py:26 2023-04-06 16:12:23 >>>>>> 开始执行：
INFO    2023-04-06 16:12:23,882E:\auto_api1_framework\logs\info-2023-04-06.log:log_decorator.py:41 
======================================================
用例标题: 真实大学-厦门大学
请求路径: https://www.iamwawa.cn/home/daxue/ajax
请求方式: POST
请求头:   {'user-agent': 'Chrome', 'Accept-Encoding': 'gzip, deflate', 'Accept': '*/*', 'Connection': 'keep-alive', 'Content-Length': '54', 'Content-Type': 'application/x-www-form-urlencoded'}
请求内容: None
接口响应内容: {'status': 1, 'info': '查询成功！', 'data': [{'id': '1124', 'name': '厦门大学', 'code': '4135010384', 'department': '教育部', 'city': '厦门市', 'level': '本科', 'remark': ''}, {'id': '1153', 'name': '厦门大学嘉庚学院', 'code': '4135013469', 'department': '福建省教育厅', 'city': '漳州市', 'level': '本科', 'remark': '民办'}]}
接口响应时长: 81 ms
Http状态码: 200
=====================================================
INFO    2023-04-06 16:12:23,884E:\auto_api1_framework\logs\info-2023-04-06.log:test_query_college_info.py:29 2023-04-06 16:12:23 >>>>>> 执行结束！
INFO    2023-04-06 16:12:23,886E:\auto_api1_framework\logs\info-2023-04-06.log:test_query_college_info.py:26 2023-04-06 16:12:23 >>>>>> 开始执行：
INFO    2023-04-06 16:12:23,971E:\auto_api1_framework\logs\info-2023-04-06.log:log_decorator.py:41 
======================================================
用例标题: 不存在-测试大学
请求路径: https://www.iamwawa.cn/home/daxue/ajax
请求方式: POST
请求头:   {'user-agent': 'Chrome', 'Accept-Encoding': 'gzip, deflate', 'Accept': '*/*', 'Connection': 'keep-alive', 'Content-Length': '54', 'Content-Type': 'application/x-www-form-urlencoded'}
请求内容: None
接口响应内容: {'status': 0, 'info': '没有找到相关信息！'}
接口响应时长: 82 ms
Http状态码: 200
=====================================================
INFO    2023-04-06 16:12:23,973E:\auto_api1_framework\logs\info-2023-04-06.log:test_query_college_info.py:29 2023-04-06 16:12:23 >>>>>> 执行结束！
INFO    2023-04-06 16:43:03,072E:\auto_api1_framework\logs\info-2023-04-06.log:test_query_college_info.py:26 2023-04-06 16:43:02 >>>>>> 开始执行：
INFO    2023-04-06 16:43:03,202E:\auto_api1_framework\logs\info-2023-04-06.log:log_decorator.py:41 
======================================================
用例标题: 真实大学-四川轻化工大学
请求路径: https://www.iamwawa.cn/home/daxue/ajax
请求方式: POST
请求头:   {'user-agent': 'Chrome', 'Accept-Encoding': 'gzip, deflate', 'Accept': '*/*', 'Connection': 'keep-alive', 'Content-Length': '81', 'Content-Type': 'application/x-www-form-urlencoded'}
请求内容: None
接口响应内容: {'status': 1, 'info': '查询成功！', 'data': [{'id': '2181', 'name': '四川轻化工大学', 'code': '4151010622', 'department': '四川省', 'city': '自贡市', 'level': '本科', 'remark': ''}]}
接口响应时长: 124 ms
Http状态码: 200
=====================================================
INFO    2023-04-06 16:43:03,204E:\auto_api1_framework\logs\info-2023-04-06.log:test_query_college_info.py:29 2023-04-06 16:43:02 >>>>>> 执行结束！
INFO    2023-04-06 16:43:03,207E:\auto_api1_framework\logs\info-2023-04-06.log:test_query_college_info.py:26 2023-04-06 16:43:02 >>>>>> 开始执行：
INFO    2023-04-06 16:43:03,300E:\auto_api1_framework\logs\info-2023-04-06.log:log_decorator.py:41 
======================================================
用例标题: 真实大学-厦门大学
请求路径: https://www.iamwawa.cn/home/daxue/ajax
请求方式: POST
请求头:   {'user-agent': 'Chrome', 'Accept-Encoding': 'gzip, deflate', 'Accept': '*/*', 'Connection': 'keep-alive', 'Content-Length': '54', 'Content-Type': 'application/x-www-form-urlencoded'}
请求内容: None
接口响应内容: {'status': 1, 'info': '查询成功！', 'data': [{'id': '1124', 'name': '厦门大学', 'code': '4135010384', 'department': '教育部', 'city': '厦门市', 'level': '本科', 'remark': ''}, {'id': '1153', 'name': '厦门大学嘉庚学院', 'code': '4135013469', 'department': '福建省教育厅', 'city': '漳州市', 'level': '本科', 'remark': '民办'}]}
接口响应时长: 89 ms
Http状态码: 200
=====================================================
INFO    2023-04-06 16:43:03,302E:\auto_api1_framework\logs\info-2023-04-06.log:test_query_college_info.py:29 2023-04-06 16:43:02 >>>>>> 执行结束！
INFO    2023-04-06 16:43:03,303E:\auto_api1_framework\logs\info-2023-04-06.log:test_query_college_info.py:26 2023-04-06 16:43:02 >>>>>> 开始执行：
INFO    2023-04-06 16:43:03,394E:\auto_api1_framework\logs\info-2023-04-06.log:log_decorator.py:41 
======================================================
用例标题: 不存在-测试大学
请求路径: https://www.iamwawa.cn/home/daxue/ajax
请求方式: POST
请求头:   {'user-agent': 'Chrome', 'Accept-Encoding': 'gzip, deflate', 'Accept': '*/*', 'Connection': 'keep-alive', 'Content-Length': '54', 'Content-Type': 'application/x-www-form-urlencoded'}
请求内容: None
接口响应内容: {'status': 0, 'info': '没有找到相关信息！'}
接口响应时长: 87 ms
Http状态码: 200
=====================================================
INFO    2023-04-06 16:43:03,396E:\auto_api1_framework\logs\info-2023-04-06.log:test_query_college_info.py:29 2023-04-06 16:43:02 >>>>>> 执行结束！
INFO    2023-04-06 16:47:10,155E:\auto_api1_framework\logs\info-2023-04-06.log:test_query_college_info.py:26 2023-04-06 16:47:10 >>>>>> 开始执行：
INFO    2023-04-06 16:47:10,305E:\auto_api1_framework\logs\info-2023-04-06.log:log_decorator.py:41 
======================================================
用例标题: 真实大学-四川轻化工大学
请求路径: https://www.iamwawa.cn/home/daxue/ajax
请求方式: POST
请求头:   {'user-agent': 'Chrome', 'Accept-Encoding': 'gzip, deflate', 'Accept': '*/*', 'Connection': 'keep-alive', 'Content-Length': '81', 'Content-Type': 'application/x-www-form-urlencoded'}
请求内容: None
接口响应内容: {'status': 1, 'info': '查询成功！', 'data': [{'id': '2181', 'name': '四川轻化工大学', 'code': '4151010622', 'department': '四川省', 'city': '自贡市', 'level': '本科', 'remark': ''}]}
接口响应时长: 142 ms
Http状态码: 200
=====================================================
INFO    2023-04-06 16:47:10,306E:\auto_api1_framework\logs\info-2023-04-06.log:test_query_college_info.py:29 2023-04-06 16:47:10 >>>>>> 执行结束！
INFO    2023-04-06 16:47:10,310E:\auto_api1_framework\logs\info-2023-04-06.log:test_query_college_info.py:26 2023-04-06 16:47:10 >>>>>> 开始执行：
INFO    2023-04-06 16:47:10,421E:\auto_api1_framework\logs\info-2023-04-06.log:log_decorator.py:41 
======================================================
用例标题: 真实大学-厦门大学
请求路径: https://www.iamwawa.cn/home/daxue/ajax
请求方式: POST
请求头:   {'user-agent': 'Chrome', 'Accept-Encoding': 'gzip, deflate', 'Accept': '*/*', 'Connection': 'keep-alive', 'Content-Length': '54', 'Content-Type': 'application/x-www-form-urlencoded'}
请求内容: None
接口响应内容: {'status': 1, 'info': '查询成功！', 'data': [{'id': '1124', 'name': '厦门大学', 'code': '4135010384', 'department': '教育部', 'city': '厦门市', 'level': '本科', 'remark': ''}, {'id': '1153', 'name': '厦门大学嘉庚学院', 'code': '4135013469', 'department': '福建省教育厅', 'city': '漳州市', 'level': '本科', 'remark': '民办'}]}
接口响应时长: 105 ms
Http状态码: 200
=====================================================
INFO    2023-04-06 16:47:10,422E:\auto_api1_framework\logs\info-2023-04-06.log:test_query_college_info.py:29 2023-04-06 16:47:10 >>>>>> 执行结束！
INFO    2023-04-06 16:47:10,425E:\auto_api1_framework\logs\info-2023-04-06.log:test_query_college_info.py:26 2023-04-06 16:47:10 >>>>>> 开始执行：
INFO    2023-04-06 16:47:10,525E:\auto_api1_framework\logs\info-2023-04-06.log:log_decorator.py:41 
======================================================
用例标题: 不存在-测试大学
请求路径: https://www.iamwawa.cn/home/daxue/ajax
请求方式: POST
请求头:   {'user-agent': 'Chrome', 'Accept-Encoding': 'gzip, deflate', 'Accept': '*/*', 'Connection': 'keep-alive', 'Content-Length': '54', 'Content-Type': 'application/x-www-form-urlencoded'}
请求内容: None
接口响应内容: {'status': 0, 'info': '没有找到相关信息！'}
接口响应时长: 95 ms
Http状态码: 200
=====================================================
INFO    2023-04-06 16:47:10,527E:\auto_api1_framework\logs\info-2023-04-06.log:test_query_college_info.py:29 2023-04-06 16:47:10 >>>>>> 执行结束！
INFO    2023-04-06 16:48:24,174E:\auto_api1_framework\logs\info-2023-04-06.log:test_query_college_info.py:26 2023-04-06 16:48:24 >>>>>> 开始执行：
INFO    2023-04-06 16:48:24,274E:\auto_api1_framework\logs\info-2023-04-06.log:log_decorator.py:41 
======================================================
用例标题: 真实大学-四川轻化工大学
请求路径: https://www.iamwawa.cn/home/daxue/ajax
请求方式: POST
请求头:   {'user-agent': 'Chrome', 'Accept-Encoding': 'gzip, deflate', 'Accept': '*/*', 'Connection': 'keep-alive', 'Content-Length': '81', 'Content-Type': 'application/x-www-form-urlencoded'}
请求内容: None
接口响应内容: {'status': 1, 'info': '查询成功！', 'data': [{'id': '2181', 'name': '四川轻化工大学', 'code': '4151010622', 'department': '四川省', 'city': '自贡市', 'level': '本科', 'remark': ''}]}
接口响应时长: 92 ms
Http状态码: 200
=====================================================
INFO    2023-04-06 16:48:24,275E:\auto_api1_framework\logs\info-2023-04-06.log:test_query_college_info.py:29 2023-04-06 16:48:24 >>>>>> 执行结束！
INFO    2023-04-06 16:48:24,280E:\auto_api1_framework\logs\info-2023-04-06.log:test_query_college_info.py:26 2023-04-06 16:48:24 >>>>>> 开始执行：
INFO    2023-04-06 16:48:24,370E:\auto_api1_framework\logs\info-2023-04-06.log:log_decorator.py:41 
======================================================
用例标题: 真实大学-厦门大学
请求路径: https://www.iamwawa.cn/home/daxue/ajax
请求方式: POST
请求头:   {'user-agent': 'Chrome', 'Accept-Encoding': 'gzip, deflate', 'Accept': '*/*', 'Connection': 'keep-alive', 'Content-Length': '54', 'Content-Type': 'application/x-www-form-urlencoded'}
请求内容: None
接口响应内容: {'status': 1, 'info': '查询成功！', 'data': [{'id': '1124', 'name': '厦门大学', 'code': '4135010384', 'department': '教育部', 'city': '厦门市', 'level': '本科', 'remark': ''}, {'id': '1153', 'name': '厦门大学嘉庚学院', 'code': '4135013469', 'department': '福建省教育厅', 'city': '漳州市', 'level': '本科', 'remark': '民办'}]}
接口响应时长: 84 ms
Http状态码: 200
=====================================================
INFO    2023-04-06 16:48:24,371E:\auto_api1_framework\logs\info-2023-04-06.log:test_query_college_info.py:29 2023-04-06 16:48:24 >>>>>> 执行结束！
INFO    2023-04-06 16:48:24,374E:\auto_api1_framework\logs\info-2023-04-06.log:test_query_college_info.py:26 2023-04-06 16:48:24 >>>>>> 开始执行：
INFO    2023-04-06 16:48:24,469E:\auto_api1_framework\logs\info-2023-04-06.log:log_decorator.py:41 
======================================================
用例标题: 不存在-测试大学
请求路径: https://www.iamwawa.cn/home/daxue/ajax
请求方式: POST
请求头:   {'user-agent': 'Chrome', 'Accept-Encoding': 'gzip, deflate', 'Accept': '*/*', 'Connection': 'keep-alive', 'Content-Length': '54', 'Content-Type': 'application/x-www-form-urlencoded'}
请求内容: None
接口响应内容: {'status': 0, 'info': '没有找到相关信息！'}
接口响应时长: 89 ms
Http状态码: 200
=====================================================
INFO    2023-04-06 16:48:24,470E:\auto_api1_framework\logs\info-2023-04-06.log:test_query_college_info.py:29 2023-04-06 16:48:24 >>>>>> 执行结束！
INFO    2023-04-06 17:06:15,455E:\auto_api1_framework\logs\info-2023-04-06.log:test_query_college_info.py:26 2023-04-06 17:06:15 >>>>>> 开始执行：
INFO    2023-04-06 17:06:16,225E:\auto_api1_framework\logs\info-2023-04-06.log:log_decorator.py:41 
======================================================
用例标题: 真实大学-四川轻化工大学
请求路径: https://www.iamwawa.cn/home/daxue/ajax
请求方式: POST
请求头:   {'user-agent': 'Chrome', 'Accept-Encoding': 'gzip, deflate', 'Accept': '*/*', 'Connection': 'keep-alive', 'Content-Length': '81', 'Content-Type': 'application/x-www-form-urlencoded'}
请求内容: None
接口响应内容: {'status': 1, 'info': '查询成功！', 'data': [{'id': '2181', 'name': '四川轻化工大学', 'code': '4151010622', 'department': '四川省', 'city': '自贡市', 'level': '本科', 'remark': ''}]}
接口响应时长: 764 ms
Http状态码: 200
=====================================================
INFO    2023-04-06 17:06:16,228E:\auto_api1_framework\logs\info-2023-04-06.log:test_query_college_info.py:29 2023-04-06 17:06:15 >>>>>> 执行结束！
INFO    2023-04-06 17:06:16,230E:\auto_api1_framework\logs\info-2023-04-06.log:test_query_college_info.py:26 2023-04-06 17:06:15 >>>>>> 开始执行：
INFO    2023-04-06 17:06:16,320E:\auto_api1_framework\logs\info-2023-04-06.log:log_decorator.py:41 
======================================================
用例标题: 真实大学-厦门大学
请求路径: https://www.iamwawa.cn/home/daxue/ajax
请求方式: POST
请求头:   {'user-agent': 'Chrome', 'Accept-Encoding': 'gzip, deflate', 'Accept': '*/*', 'Connection': 'keep-alive', 'Content-Length': '54', 'Content-Type': 'application/x-www-form-urlencoded'}
请求内容: None
接口响应内容: {'status': 1, 'info': '查询成功！', 'data': [{'id': '1124', 'name': '厦门大学', 'code': '4135010384', 'department': '教育部', 'city': '厦门市', 'level': '本科', 'remark': ''}, {'id': '1153', 'name': '厦门大学嘉庚学院', 'code': '4135013469', 'department': '福建省教育厅', 'city': '漳州市', 'level': '本科', 'remark': '民办'}]}
接口响应时长: 86 ms
Http状态码: 200
=====================================================
INFO    2023-04-06 17:06:16,322E:\auto_api1_framework\logs\info-2023-04-06.log:test_query_college_info.py:29 2023-04-06 17:06:15 >>>>>> 执行结束！
INFO    2023-04-06 17:06:16,323E:\auto_api1_framework\logs\info-2023-04-06.log:test_query_college_info.py:26 2023-04-06 17:06:15 >>>>>> 开始执行：
INFO    2023-04-06 17:06:16,410E:\auto_api1_framework\logs\info-2023-04-06.log:log_decorator.py:41 
======================================================
用例标题: 不存在-测试大学
请求路径: https://www.iamwawa.cn/home/daxue/ajax
请求方式: POST
请求头:   {'user-agent': 'Chrome', 'Accept-Encoding': 'gzip, deflate', 'Accept': '*/*', 'Connection': 'keep-alive', 'Content-Length': '54', 'Content-Type': 'application/x-www-form-urlencoded'}
请求内容: None
接口响应内容: {'status': 0, 'info': '没有找到相关信息！'}
接口响应时长: 83 ms
Http状态码: 200
=====================================================
INFO    2023-04-06 17:06:16,412E:\auto_api1_framework\logs\info-2023-04-06.log:test_query_college_info.py:29 2023-04-06 17:06:15 >>>>>> 执行结束！
